JVM info: Arch Linux - 27 - 27
java.net.preferIPv4Stack=true
Current Time: 21/09/2026 23:52:50
Host: maven.neoforged.net [195.181.172.2, 195.181.172.5]
Host: libraries.minecraft.net [150.171.109.36]
Host: launchermeta.mojang.com [150.171.109.34]
Host: piston-meta.mojang.com [150.171.109.34]
Host: sessionserver.mojang.com [150.171.109.35]
Found java version 27
Target Directory: ./instance
Extracting json
Considering minecraft client jar
Downloading library from https://piston-meta.mojang.com/v1/packages/96c00d95a31328714d3811cfade2804bb050e455/26.3.json
	Download completed: Checksum validated.
Downloading library from https://piston-data.mojang.com/v1/objects/e877b6a07acd633fb3bb475002175cec036e7b87/client.jar
	Download completed: Checksum validated.
Downloading libraries
Found 1 additional library directories
Considering library net.neoforged.fancymodloader:earlydisplay:12.0.0
Downloading library from https://maven.neoforged.net/releases/net/neoforged/fancymodloader/earlydisplay/12.0.0/earlydisplay-12.0.0.jar
	Download completed: Checksum validated.
Considering library net.neoforged.fancymodloader:loader:12.0.0
Downloading library from https://maven.neoforged.net/releases/net/neoforged/fancymodloader/loader/12.0.0/loader-12.0.0.jar
	Download completed: Checksum validated.
Considering library net.neoforged:accesstransformers:11.0.2
Downloading library from https://maven.neoforged.net/releases/net/neoforged/accesstransformers/11.0.2/accesstransformers-11.0.2.jar
	Download completed: Checksum validated.
Considering library org.ow2.asm:asm-commons:9.10.1
Downloading library from https://maven.neoforged.net/releases/org/ow2/asm/asm-commons/9.10.1/asm-commons-9.10.1.jar
	Download completed: Checksum validated.
Considering library net.neoforged:mergetool:2.0.7:api
Downloading library from https://maven.neoforged.net/releases/net/neoforged/mergetool/2.0.7/mergetool-2.0.7-api.jar
	Download completed: Checksum validated.
Considering library org.ow2.asm:asm-util:9.10.1
Downloading library from https://maven.neoforged.net/releases/org/ow2/asm/asm-util/9.10.1/asm-util-9.10.1.jar
	Download completed: Checksum validated.
Considering library org.ow2.asm:asm-analysis:9.10.1
Downloading library from https://maven.neoforged.net/releases/org/ow2/asm/asm-analysis/9.10.1/asm-analysis-9.10.1.jar
	Download completed: Checksum validated.
Considering library org.ow2.asm:asm-tree:9.10.1
Downloading library from https://maven.neoforged.net/releases/org/ow2/asm/asm-tree/9.10.1/asm-tree-9.10.1.jar
	Download completed: Checksum validated.
Considering library net.neoforged:bus:8.0.5
Downloading library from https://maven.neoforged.net/releases/net/neoforged/bus/8.0.5/bus-8.0.5.jar
	Download completed: Checksum validated.
Considering library org.ow2.asm:asm:9.10.1
Downloading library from https://maven.neoforged.net/releases/org/ow2/asm/asm/9.10.1/asm-9.10.1.jar
	Download completed: Checksum validated.
Considering library com.electronwill.night-config:toml:3.9.0
Downloading library from https://maven.neoforged.net/releases/com/electronwill/night-config/toml/3.9.0/toml-3.9.0.jar
	Download completed: Checksum validated.
Considering library com.electronwill.night-config:core:3.9.0
Downloading library from https://maven.neoforged.net/releases/com/electronwill/night-config/core/3.9.0/core-3.9.0.jar
	Download completed: Checksum validated.
Considering library net.neoforged:JarJarSelector:0.5.1
Downloading library from https://maven.neoforged.net/releases/net/neoforged/JarJarSelector/0.5.1/JarJarSelector-0.5.1.jar
	Download completed: Checksum validated.
Considering library net.neoforged:JarJarMetadata:0.5.1
Downloading library from https://maven.neoforged.net/releases/net/neoforged/JarJarMetadata/0.5.1/JarJarMetadata-0.5.1.jar
	Download completed: Checksum validated.
Considering library org.apache.maven:maven-artifact:3.9.16
Downloading library from https://maven.neoforged.net/releases/org/apache/maven/maven-artifact/3.9.16/maven-artifact-3.9.16.jar
	Download completed: Checksum validated.
Considering library net.jodah:typetools:0.6.3
Downloading library from https://maven.neoforged.net/releases/net/jodah/typetools/0.6.3/typetools-0.6.3.jar
	Download completed: Checksum validated.
Considering library net.minecrell:terminalconsoleappender:1.3.0
Downloading library from https://maven.neoforged.net/releases/net/minecrell/terminalconsoleappender/1.3.0/terminalconsoleappender-1.3.0.jar
	Download completed: Checksum validated.
Considering library net.fabricmc:sponge-mixin:0.17.3+mixin.0.8.7
Downloading library from https://maven.neoforged.net/releases/net/fabricmc/sponge-mixin/0.17.3+mixin.0.8.7/sponge-mixin-0.17.3+mixin.0.8.7.jar
	Download completed: Checksum validated.
Considering library org.lwjgl:lwjgl-tinyfd:3.4.1
Downloading library from https://libraries.minecraft.net/org/lwjgl/lwjgl-tinyfd/3.4.1/lwjgl-tinyfd-3.4.1.jar
	Download completed: Checksum validated.
Considering library net.neoforged.accesstransformers:at-parser:11.0.2
Downloading library from https://maven.neoforged.net/releases/net/neoforged/accesstransformers/at-parser/11.0.2/at-parser-11.0.2.jar
	Download completed: Checksum validated.
Considering library net.neoforged:srgutils:1.0.10
Downloading library from https://maven.neoforged.net/releases/net/neoforged/srgutils/1.0.10/srgutils-1.0.10.jar
	Download completed: Checksum validated.
Considering library org.codehaus.plexus:plexus-utils:3.6.1
Downloading library from https://maven.neoforged.net/releases/org/codehaus/plexus/plexus-utils/3.6.1/plexus-utils-3.6.1.jar
	Download completed: Checksum validated.
Considering library org.jline:jline-reader:3.20.0
Downloading library from https://maven.neoforged.net/releases/org/jline/jline-reader/3.20.0/jline-reader-3.20.0.jar
	Download completed: Checksum validated.
Considering library com.google.guava:listenablefuture:9999.0-empty-to-avoid-conflict-with-guava
Downloading library from https://libraries.minecraft.net/com/google/guava/listenablefuture/9999.0-empty-to-avoid-conflict-with-guava/listenablefuture-9999.0-empty-to-avoid-conflict-with-guava.jar
	Download completed: Checksum validated.
Considering library com.google.errorprone:error_prone_annotations:2.48.0
Downloading library from https://libraries.minecraft.net/com/google/errorprone/error_prone_annotations/2.48.0/error_prone_annotations-2.48.0.jar
	Download completed: Checksum validated.
Considering library com.google.j2objc:j2objc-annotations:3.1
Downloading library from https://libraries.minecraft.net/com/google/j2objc/j2objc-annotations/3.1/j2objc-annotations-3.1.jar
	Download completed: Checksum validated.
Considering library org.jline:jline-terminal:3.20.0
Downloading library from https://maven.neoforged.net/releases/org/jline/jline-terminal/3.20.0/jline-terminal-3.20.0.jar
	Download completed: Checksum validated.
Considering library net.neoforged.fancymodloader:earlydisplay:12.0.0
File ./instance/libraries/net/neoforged/fancymodloader/earlydisplay/12.0.0/earlydisplay-12.0.0.jar exists. Checksum valid.
Considering library net.neoforged.fancymodloader:loader:12.0.0
File ./instance/libraries/net/neoforged/fancymodloader/loader/12.0.0/loader-12.0.0.jar exists. Checksum valid.
Considering library net.neoforged:accesstransformers:11.0.2
File ./instance/libraries/net/neoforged/accesstransformers/11.0.2/accesstransformers-11.0.2.jar exists. Checksum valid.
Considering library org.ow2.asm:asm-commons:9.10.1
File ./instance/libraries/org/ow2/asm/asm-commons/9.10.1/asm-commons-9.10.1.jar exists. Checksum valid.
Considering library net.neoforged:mergetool:2.0.7:api
File ./instance/libraries/net/neoforged/mergetool/2.0.7/mergetool-2.0.7-api.jar exists. Checksum valid.
Considering library org.ow2.asm:asm-util:9.10.1
File ./instance/libraries/org/ow2/asm/asm-util/9.10.1/asm-util-9.10.1.jar exists. Checksum valid.
Considering library org.ow2.asm:asm-analysis:9.10.1
File ./instance/libraries/org/ow2/asm/asm-analysis/9.10.1/asm-analysis-9.10.1.jar exists. Checksum valid.
Considering library org.ow2.asm:asm-tree:9.10.1
File ./instance/libraries/org/ow2/asm/asm-tree/9.10.1/asm-tree-9.10.1.jar exists. Checksum valid.
Considering library net.neoforged:bus:8.0.5
File ./instance/libraries/net/neoforged/bus/8.0.5/bus-8.0.5.jar exists. Checksum valid.
Considering library org.ow2.asm:asm:9.10.1
File ./instance/libraries/org/ow2/asm/asm/9.10.1/asm-9.10.1.jar exists. Checksum valid.
Considering library com.electronwill.night-config:toml:3.9.0
File ./instance/libraries/com/electronwill/night-config/toml/3.9.0/toml-3.9.0.jar exists. Checksum valid.
Considering library com.electronwill.night-config:core:3.9.0
File ./instance/libraries/com/electronwill/night-config/core/3.9.0/core-3.9.0.jar exists. Checksum valid.
Considering library net.neoforged:JarJarSelector:0.5.1
File ./instance/libraries/net/neoforged/JarJarSelector/0.5.1/JarJarSelector-0.5.1.jar exists. Checksum valid.
Considering library net.neoforged:JarJarMetadata:0.5.1
File ./instance/libraries/net/neoforged/JarJarMetadata/0.5.1/JarJarMetadata-0.5.1.jar exists. Checksum valid.
Considering library org.apache.maven:maven-artifact:3.9.16
File ./instance/libraries/org/apache/maven/maven-artifact/3.9.16/maven-artifact-3.9.16.jar exists. Checksum valid.
Considering library net.jodah:typetools:0.6.3
File ./instance/libraries/net/jodah/typetools/0.6.3/typetools-0.6.3.jar exists. Checksum valid.
Considering library net.minecrell:terminalconsoleappender:1.3.0
File ./instance/libraries/net/minecrell/terminalconsoleappender/1.3.0/terminalconsoleappender-1.3.0.jar exists. Checksum valid.
Considering library net.fabricmc:sponge-mixin:0.17.3+mixin.0.8.7
File ./instance/libraries/net/fabricmc/sponge-mixin/0.17.3+mixin.0.8.7/sponge-mixin-0.17.3+mixin.0.8.7.jar exists. Checksum valid.
Considering library org.lwjgl:lwjgl-tinyfd:3.4.1
File ./instance/libraries/org/lwjgl/lwjgl-tinyfd/3.4.1/lwjgl-tinyfd-3.4.1.jar exists. Checksum valid.
Considering library net.neoforged.accesstransformers:at-parser:11.0.2
File ./instance/libraries/net/neoforged/accesstransformers/at-parser/11.0.2/at-parser-11.0.2.jar exists. Checksum valid.
Considering library net.neoforged:srgutils:1.0.10
File ./instance/libraries/net/neoforged/srgutils/1.0.10/srgutils-1.0.10.jar exists. Checksum valid.
Considering library org.codehaus.plexus:plexus-utils:3.6.1
File ./instance/libraries/org/codehaus/plexus/plexus-utils/3.6.1/plexus-utils-3.6.1.jar exists. Checksum valid.
Considering library org.jline:jline-reader:3.20.0
File ./instance/libraries/org/jline/jline-reader/3.20.0/jline-reader-3.20.0.jar exists. Checksum valid.
Considering library com.google.guava:listenablefuture:9999.0-empty-to-avoid-conflict-with-guava
File ./instance/libraries/com/google/guava/listenablefuture/9999.0-empty-to-avoid-conflict-with-guava/listenablefuture-9999.0-empty-to-avoid-conflict-with-guava.jar exists. Checksum valid.
Considering library com.google.errorprone:error_prone_annotations:2.48.0
File ./instance/libraries/com/google/errorprone/error_prone_annotations/2.48.0/error_prone_annotations-2.48.0.jar exists. Checksum valid.
Considering library com.google.j2objc:j2objc-annotations:3.1
File ./instance/libraries/com/google/j2objc/j2objc-annotations/3.1/j2objc-annotations-3.1.jar exists. Checksum valid.
Considering library org.jline:jline-terminal:3.20.0
File ./instance/libraries/org/jline/jline-terminal/3.20.0/jline-terminal-3.20.0.jar exists. Checksum valid.
Considering library net.neoforged.installertools:installertools:4.0.17:fatjar
Downloading library from https://maven.neoforged.net/releases/net/neoforged/installertools/installertools/4.0.17/installertools-4.0.17-fatjar.jar
	Download completed: Checksum validated.
Considering library net.neoforged:neoforge:26.3.0.7-beta:universal
Downloading library from https://maven.neoforged.net/releases/net/neoforged/neoforge/26.3.0.7-beta/neoforge-26.3.0.7-beta-universal.jar
	Download completed: Checksum validated.
Created Temporary Directory: /tmp/neoforge_installer533509813544217969
  Extracting: /data/client.lzma
Building Processor
===============================================================================
Processor: net.neoforged.installertools:installertools -> PROCESS_MINECRAFT_JAR
  MainClass: net.neoforged.installertools.ConsoleTool
  Classpath:
    /home/jannick/projects/launcher/./instance/libraries/net/neoforged/installertools/installertools/4.0.17/installertools-4.0.17-fatjar.jar
    /home/jannick/projects/launcher/./instance/libraries/net/neoforged/installertools/installertools/4.0.17/installertools-4.0.17-fatjar.jar
  Args: --task, PROCESS_MINECRAFT_JAR, --no-mod-manifest, --input, /home/jannick/projects/launcher/./instance/versions/26.3/26.3.jar, --output, /home/jannick/projects/launcher/./instance/libraries/net/neoforged/minecraft-client-patched/26.3.0.7-beta/minecraft-client-patched-26.3.0.7-beta.jar, --extract-libraries-to, /home/jannick/projects/launcher/./instance/libraries/, --apply-patches, /tmp/neoforge_installer533509813544217969/data/client.lzma
Task: PROCESS_MINECRAFT_JAR
Using common thread-pool with parallelism 19
load patch bundle [699ms]
load input zip [1035ms]
applying patches [350ms]
write output file [3212ms]
overall work [4616ms]
Injecting profile
Successfully installed client into launcher.
You can delete this installer file now if you wish
